{
    "analyzer": {
        "bo_plain": {
            "char_filter": [
                "nnbsp_norm",
                "word_break_helper"
            ],
            "filter": [
                "icu_normalizer"
            ],
            "tokenizer": "icu_tokenizer",
            "type": "custom"
        },
        "bo_plain_search": {
            "char_filter": [
                "nnbsp_norm",
                "word_break_helper"
            ],
            "filter": [
                "icu_normalizer"
            ],
            "tokenizer": "icu_tokenizer",
            "type": "custom"
        },
        "bug_plain": {
            "char_filter": [
                "nnbsp_norm",
                "word_break_helper"
            ],
            "filter": [
                "icu_normalizer"
            ],
            "tokenizer": "icu_tokenizer",
            "type": "custom"
        },
        "bug_plain_search": {
            "char_filter": [
                "nnbsp_norm",
                "word_break_helper"
            ],
            "filter": [
                "icu_normalizer"
            ],
            "tokenizer": "icu_tokenizer",
            "type": "custom"
        },
        "cdo_plain": {
            "char_filter": [
                "nnbsp_norm",
                "word_break_helper"
            ],
            "filter": [
                "icu_normalizer"
            ],
            "tokenizer": "icu_tokenizer",
            "type": "custom"
        },
        "cdo_plain_search": {
            "char_filter": [
                "nnbsp_norm",
                "word_break_helper"
            ],
            "filter": [
                "icu_normalizer"
            ],
            "tokenizer": "icu_tokenizer",
            "type": "custom"
        },
        "cr_plain": {
            "char_filter": [
                "nnbsp_norm",
                "word_break_helper"
            ],
            "filter": [
                "icu_normalizer"
            ],
            "tokenizer": "icu_tokenizer",
            "type": "custom"
        },
        "cr_plain_search": {
            "char_filter": [
                "nnbsp_norm",
                "word_break_helper"
            ],
            "filter": [
                "icu_normalizer"
            ],
            "tokenizer": "icu_tokenizer",
            "type": "custom"
        },
        "dz_plain": {
            "char_filter": [
                "nnbsp_norm",
                "word_break_helper"
            ],
            "filter": [
                "icu_normalizer"
            ],
            "tokenizer": "icu_tokenizer",
            "type": "custom"
        },
        "dz_plain_search": {
            "char_filter": [
                "nnbsp_norm",
                "word_break_helper"
            ],
            "filter": [
                "icu_normalizer"
            ],
            "tokenizer": "icu_tokenizer",
            "type": "custom"
        },
        "gan_plain": {
            "char_filter": [
                "nnbsp_norm",
                "word_break_helper"
            ],
            "filter": [
                "icu_normalizer"
            ],
            "tokenizer": "icu_tokenizer",
            "type": "custom"
        },
        "gan_plain_search": {
            "char_filter": [
                "nnbsp_norm",
                "word_break_helper"
            ],
            "filter": [
                "icu_normalizer"
            ],
            "tokenizer": "icu_tokenizer",
            "type": "custom"
        },
        "hak_plain": {
            "char_filter": [
                "nnbsp_norm",
                "word_break_helper"
            ],
            "filter": [
                "icu_normalizer"
            ],
            "tokenizer": "icu_tokenizer",
            "type": "custom"
        },
        "hak_plain_search": {
            "char_filter": [
                "nnbsp_norm",
                "word_break_helper"
            ],
            "filter": [
                "icu_normalizer"
            ],
            "tokenizer": "icu_tokenizer",
            "type": "custom"
        },
        "ja_plain": {
            "char_filter": [
                "nnbsp_norm",
                "word_break_helper"
            ],
            "filter": [
                "icu_normalizer",
                "preserve_original_recorder",
                "icu_folding",
                "preserve_original",
                "remove_empty"
            ],
            "tokenizer": "icu_tokenizer",
            "type": "custom"
        },
        "ja_plain_search": {
            "char_filter": [
                "nnbsp_norm",
                "word_break_helper"
            ],
            "filter": [
                "icu_normalizer"
            ],
            "tokenizer": "icu_tokenizer",
            "type": "custom"
        },
        "jv_plain": {
            "char_filter": [
                "nnbsp_norm",
                "word_break_helper"
            ],
            "filter": [
                "icu_normalizer"
            ],
            "tokenizer": "icu_tokenizer",
            "type": "custom"
        },
        "jv_plain_search": {
            "char_filter": [
                "nnbsp_norm",
                "word_break_helper"
            ],
            "filter": [
                "icu_normalizer"
            ],
            "tokenizer": "icu_tokenizer",
            "type": "custom"
        },
        "km_plain": {
            "char_filter": [
                "nnbsp_norm",
                "word_break_helper"
            ],
            "filter": [
                "icu_normalizer"
            ],
            "tokenizer": "icu_tokenizer",
            "type": "custom"
        },
        "km_plain_search": {
            "char_filter": [
                "nnbsp_norm",
                "word_break_helper"
            ],
            "filter": [
                "icu_normalizer"
            ],
            "tokenizer": "icu_tokenizer",
            "type": "custom"
        },
        "lo_plain": {
            "char_filter": [
                "nnbsp_norm",
                "word_break_helper"
            ],
            "filter": [
                "icu_normalizer"
            ],
            "tokenizer": "icu_tokenizer",
            "type": "custom"
        },
        "lo_plain_search": {
            "char_filter": [
                "nnbsp_norm",
                "word_break_helper"
            ],
            "filter": [
                "icu_normalizer"
            ],
            "tokenizer": "icu_tokenizer",
            "type": "custom"
        },
        "lzh_plain": {
            "char_filter": [
                "nnbsp_norm",
                "word_break_helper"
            ],
            "filter": [
                "icu_normalizer"
            ],
            "tokenizer": "icu_tokenizer",
            "type": "custom"
        },
        "lzh_plain_search": {
            "char_filter": [
                "nnbsp_norm",
                "word_break_helper"
            ],
            "filter": [
                "icu_normalizer"
            ],
            "tokenizer": "icu_tokenizer",
            "type": "custom"
        },
        "my_plain": {
            "char_filter": [
                "nnbsp_norm",
                "word_break_helper"
            ],
            "filter": [
                "icu_normalizer"
            ],
            "tokenizer": "icu_tokenizer",
            "type": "custom"
        },
        "my_plain_search": {
            "char_filter": [
                "nnbsp_norm",
                "word_break_helper"
            ],
            "filter": [
                "icu_normalizer"
            ],
            "tokenizer": "icu_tokenizer",
            "type": "custom"
        },
        "nan_plain": {
            "char_filter": [
                "nnbsp_norm",
                "word_break_helper"
            ],
            "filter": [
                "icu_normalizer"
            ],
            "tokenizer": "icu_tokenizer",
            "type": "custom"
        },
        "nan_plain_search": {
            "char_filter": [
                "nnbsp_norm",
                "word_break_helper"
            ],
            "filter": [
                "icu_normalizer"
            ],
            "tokenizer": "icu_tokenizer",
            "type": "custom"
        },
        "th_plain": {
            "char_filter": [
                "nnbsp_norm",
                "word_break_helper"
            ],
            "filter": [
                "icu_normalizer",
                "preserve_original_recorder",
                "th_icu_folding",
                "preserve_original",
                "remove_empty"
            ],
            "tokenizer": "icu_tokenizer",
            "type": "custom"
        },
        "th_plain_search": {
            "char_filter": [
                "nnbsp_norm",
                "word_break_helper"
            ],
            "filter": [
                "icu_normalizer"
            ],
            "tokenizer": "icu_tokenizer",
            "type": "custom"
        },
        "wuu_plain": {
            "char_filter": [
                "nnbsp_norm",
                "word_break_helper"
            ],
            "filter": [
                "icu_normalizer"
            ],
            "tokenizer": "icu_tokenizer",
            "type": "custom"
        },
        "wuu_plain_search": {
            "char_filter": [
                "nnbsp_norm",
                "word_break_helper"
            ],
            "filter": [
                "icu_normalizer"
            ],
            "tokenizer": "icu_tokenizer",
            "type": "custom"
        },
        "yue_plain": {
            "char_filter": [
                "nnbsp_norm",
                "word_break_helper"
            ],
            "filter": [
                "icu_normalizer"
            ],
            "tokenizer": "icu_tokenizer",
            "type": "custom"
        },
        "yue_plain_search": {
            "char_filter": [
                "nnbsp_norm",
                "word_break_helper"
            ],
            "filter": [
                "icu_normalizer"
            ],
            "tokenizer": "icu_tokenizer",
            "type": "custom"
        },
        "zh-classical_plain": {
            "char_filter": [
                "nnbsp_norm",
                "word_break_helper"
            ],
            "filter": [
                "icu_normalizer"
            ],
            "tokenizer": "icu_tokenizer",
            "type": "custom"
        },
        "zh-classical_plain_search": {
            "char_filter": [
                "nnbsp_norm",
                "word_break_helper"
            ],
            "filter": [
                "icu_normalizer"
            ],
            "tokenizer": "icu_tokenizer",
            "type": "custom"
        },
        "zh-min-nan_plain": {
            "char_filter": [
                "nnbsp_norm",
                "word_break_helper"
            ],
            "filter": [
                "icu_normalizer"
            ],
            "tokenizer": "icu_tokenizer",
            "type": "custom"
        },
        "zh-min-nan_plain_search": {
            "char_filter": [
                "nnbsp_norm",
                "word_break_helper"
            ],
            "filter": [
                "icu_normalizer"
            ],
            "tokenizer": "icu_tokenizer",
            "type": "custom"
        },
        "zh-yue_plain": {
            "char_filter": [
                "nnbsp_norm",
                "word_break_helper"
            ],
            "filter": [
                "icu_normalizer"
            ],
            "tokenizer": "icu_tokenizer",
            "type": "custom"
        },
        "zh-yue_plain_search": {
            "char_filter": [
                "nnbsp_norm",
                "word_break_helper"
            ],
            "filter": [
                "icu_normalizer"
            ],
            "tokenizer": "icu_tokenizer",
            "type": "custom"
        },
        "zh_plain": {
            "char_filter": [
                "nnbsp_norm",
                "word_break_helper"
            ],
            "filter": [
                "icu_normalizer"
            ],
            "tokenizer": "icu_tokenizer",
            "type": "custom"
        },
        "zh_plain_search": {
            "char_filter": [
                "nnbsp_norm",
                "word_break_helper"
            ],
            "filter": [
                "icu_normalizer"
            ],
            "tokenizer": "icu_tokenizer",
            "type": "custom"
        }
    },
    "char_filter": {
        "nnbsp_norm": {
            "mappings": [
                "\\u202F=>\\u0020"
            ],
            "type": "mapping"
        },
        "word_break_helper": {
            "mappings": [
                "_=>\\u0020",
                ".=>\\u0020",
                "(=>\\u0020",
                ")=>\\u0020"
            ],
            "type": "mapping"
        }
    },
    "filter": {
        "icu_folding": {
            "type": "icu_folding",
            "unicodeSetFilter": "[^\u304c-\u30fe]"
        },
        "icu_normalizer": {
            "name": "nfkc_cf",
            "type": "icu_normalizer"
        },
        "remove_empty": {
            "min": 1,
            "type": "length"
        },
        "th_icu_folding": {
            "type": "icu_folding",
            "unicodeSetFilter": "[^\\u0E47-\\u0E4E]"
        }
    },
    "tokenizer": []
}